
== power against a real misfit under contamination, three readings ==
   false_alarm = the SAME test on the logistic truth at the same k (its own contaminated null)
   raw = rejection at 0.05; adj = at the critical value of the clean / of the contaminated null

-- probit --
        n     k false_alarm   raw adj_clean adj_contam
    <int> <int>       <num> <num>     <num>      <num>
 1:  1000     0       0.045 0.074     0.082      0.082
 2:  1000     1       0.056 0.069     0.075      0.065
 3:  1000     2       0.059 0.065     0.073      0.058
 4:  1000     5       0.057 0.072     0.078      0.067
 5:  1000    10       0.097 0.056     0.065      0.020
 6:  5000     0       0.048 0.277     0.278      0.278
 7:  5000     5       0.050 0.238     0.240      0.233
 8:  5000    10       0.060 0.218     0.221      0.207
 9:  5000    25       0.151 0.143     0.144      0.045
10:  5000    50       0.740 0.305     0.305      0.016
-- cloglog --
        n     k false_alarm   raw adj_clean adj_contam
    <int> <int>       <num> <num>     <num>      <num>
 1:  1000     0       0.045 0.818     0.826      0.826
 2:  1000     1       0.056 0.785     0.801      0.771
 3:  1000     2       0.059 0.765     0.786      0.730
 4:  1000     5       0.057 0.800     0.820      0.787
 5:  1000    10       0.097 0.802     0.819      0.648
 6:  5000     0       0.048 1.000     1.000      1.000
 7:  5000     5       0.050 1.000     1.000      1.000
 8:  5000    10       0.060 1.000     1.000      1.000
 9:  5000    25       0.151 1.000     1.000      1.000
10:  5000    50       0.740 1.000     1.000      0.855

== the cells Section 6.5 quotes ==
     truth     n     k false_alarm   raw adj_contam
    <char> <int> <int>       <num> <num>      <num>
1: cloglog  1000     0       0.045 0.818      0.826
2: cloglog  1000    10       0.097 0.802      0.648
3:  probit  5000     0       0.048 0.277      0.278
4:  probit  5000    25       0.151 0.143      0.045
5:  probit  5000    50       0.740 0.305      0.016
