2026-10-01 04:36:32  block TW: 25 cells, 1000 replicates, 16 workers 
2026-10-01 04:36:49  TWA_logit_clean_k00_n1000          EDGE.default 0.063 EDGE.G10 0.059 HL.G10 0.052 TWIN.score 0.057 EDGE.Gn 0.057 SPZ 0.000 Stk.joint 0.063 Cubic.LR 0.058 GiViTI 0.049 PRG.Stk 0.992 PRG.EDGE.G10 0.982 PRG2.Stk 0.063 PRG2.EDGE.G10 0.059 | dropped 37.3  0.3 min 
2026-10-01 04:37:04  TWA_logit_C1_k01_n1000             EDGE.default 0.047 EDGE.G10 0.051 HL.G10 0.042 TWIN.score 0.166 EDGE.Gn 0.148 SPZ 0.000 Stk.joint 0.147 Cubic.LR 0.149 GiViTI 0.111 PRG.Stk 0.994 PRG.EDGE.G10 0.984 PRG2.Stk 0.147 PRG2.EDGE.G10 0.051 | dropped 37.3  0.3 min 
2026-10-01 04:37:19  TWA_logit_C1_k02_n1000             EDGE.default 0.053 EDGE.G10 0.054 HL.G10 0.049 TWIN.score 0.259 EDGE.Gn 0.213 SPZ 0.000 Stk.joint 0.213 Cubic.LR 0.206 GiViTI 0.149 PRG.Stk 0.986 PRG.EDGE.G10 0.982 PRG2.Stk 0.213 PRG2.EDGE.G10 0.054 | dropped 36.7  0.3 min 
2026-10-01 04:37:34  TWA_logit_C1_k05_n1000             EDGE.default 0.054 EDGE.G10 0.045 HL.G10 0.038 TWIN.score 0.444 EDGE.Gn 0.382 SPZ 0.000 Stk.joint 0.387 Cubic.LR 0.313 GiViTI 0.246 PRG.Stk 0.981 PRG.EDGE.G10 0.974 PRG2.Stk 0.387 PRG2.EDGE.G10 0.045 | dropped 35.8  0.2 min 
2026-10-01 04:37:49  TWA_logit_C1_k10_n1000             EDGE.default 0.101 EDGE.G10 0.066 HL.G10 0.049 TWIN.score 0.641 EDGE.Gn 0.594 SPZ 0.000 Stk.joint 0.595 Cubic.LR 0.454 GiViTI 0.375 PRG.Stk 0.972 PRG.EDGE.G10 0.957 PRG2.Stk 0.595 PRG2.EDGE.G10 0.066 | dropped 34.4  0.3 min 
2026-10-01 04:38:04  TWA_logit_C1b_k01_n1000            EDGE.default 0.051 EDGE.G10 0.041 HL.G10 0.043 TWIN.score 0.468 EDGE.Gn 0.379 SPZ 0.000 Stk.joint 0.378 Cubic.LR 0.393 GiViTI 0.278 PRG.Stk 0.987 PRG.EDGE.G10 0.976 PRG2.Stk 0.378 PRG2.EDGE.G10 0.041 | dropped 35.6  0.2 min 
2026-10-01 04:38:20  TWA_logit_C1b_k02_n1000            EDGE.default 0.061 EDGE.G10 0.053 HL.G10 0.046 TWIN.score 0.695 EDGE.Gn 0.602 SPZ 0.000 Stk.joint 0.593 Cubic.LR 0.612 GiViTI 0.476 PRG.Stk 0.985 PRG.EDGE.G10 0.977 PRG2.Stk 0.593 PRG2.EDGE.G10 0.053 | dropped 35.3  0.3 min 
2026-10-01 04:38:37  TWA_logit_C1b_k05_n1000            EDGE.default 0.099 EDGE.G10 0.071 HL.G10 0.056 TWIN.score 0.935 EDGE.Gn 0.900 SPZ 0.000 Stk.joint 0.903 Cubic.LR 0.890 GiViTI 0.819 PRG.Stk 0.955 PRG.EDGE.G10 0.928 PRG2.Stk 0.903 PRG2.EDGE.G10 0.071 | dropped 31.9  0.3 min 
2026-10-01 04:38:55  TWA_logit_C1b_k10_n1000            EDGE.default 0.406 EDGE.G10 0.210 HL.G10 0.093 TWIN.score 0.992 EDGE.Gn 0.986 SPZ 0.000 Stk.joint 0.986 Cubic.LR 0.978 GiViTI 0.966 PRG.Stk 0.837 PRG.EDGE.G10 0.797 PRG2.Stk 0.986 PRG2.EDGE.G10 0.210 | dropped 27.1  0.3 min 
2026-10-01 04:39:13  TWA_cloglog_clean_k00_n1000        EDGE.default 0.790 EDGE.G10 0.772 HL.G10 0.388 TWIN.score 0.703 EDGE.Gn 0.787 SPZ 0.000 Stk.joint 0.804 Cubic.LR 0.863 GiViTI 0.868 PRG.Stk 0.999 PRG.EDGE.G10 0.999 PRG2.Stk 0.804 PRG2.EDGE.G10 0.772 | dropped 45.2  0.3 min 
2026-10-01 04:39:31  TWA_logit_C2_k10_n1000             EDGE.default 0.669 EDGE.G10 0.313 HL.G10 0.227 TWIN.score 0.989 EDGE.Gn 0.758 SPZ 0.000 Stk.joint 0.709 Cubic.LR 0.841 GiViTI 0.680 PRG.Stk 0.875 PRG.EDGE.G10 0.807 PRG2.Stk 0.709 PRG2.EDGE.G10 0.313 | dropped 33.0  0.3 min 
2026-10-01 04:39:48  TWA_tail0.6_clean_k00_n1000        EDGE.default 0.472 EDGE.G10 0.248 HL.G10 0.171 TWIN.score 0.754 EDGE.Gn 0.501 SPZ 0.000 Stk.joint 0.472 Cubic.LR 0.558 GiViTI 0.411 PRG.Stk 0.894 PRG.EDGE.G10 0.851 PRG2.Stk 0.472 PRG2.EDGE.G10 0.248 | dropped 33.9  0.3 min 
2026-10-01 04:40:17  TWA_logit_clean_k00_n5000          EDGE.default 0.049 EDGE.G10 0.050 HL.G10 0.027 TWIN.score 0.052 EDGE.Gn 0.000 SPZ 0.000 Stk.joint 0.053 Cubic.LR 0.048 GiViTI 0.051 PRG.Stk 1.000 PRG.EDGE.G10 1.000 PRG2.Stk 0.053 PRG2.EDGE.G10 0.050 | dropped 185.9  0.5 min 
2026-10-01 04:40:49  TWA_logit_C1_k25_n5000             EDGE.default 0.131 EDGE.G10 0.062 HL.G10 0.060 TWIN.score 0.900 EDGE.Gn 0.000 SPZ 0.000 Stk.joint 0.804 Cubic.LR 0.738 GiViTI 0.576 PRG.Stk 1.000 PRG.EDGE.G10 1.000 PRG2.Stk 0.804 PRG2.EDGE.G10 0.062 | dropped 178.0  0.5 min 
2026-10-01 04:41:25  TWA_logit_C1_k50_n5000             EDGE.default 0.745 EDGE.G10 0.096 HL.G10 0.069 TWIN.score 0.989 EDGE.Gn 0.000 SPZ 0.000 Stk.joint 0.973 Cubic.LR 0.953 GiViTI 0.879 PRG.Stk 1.000 PRG.EDGE.G10 1.000 PRG2.Stk 0.973 PRG2.EDGE.G10 0.096 | dropped 170.7  0.6 min 
2026-10-01 04:41:59  TWA_logit_C1b_k10_n5000            EDGE.default 0.132 EDGE.G10 0.080 HL.G10 0.055 TWIN.score 0.990 EDGE.Gn 0.000 SPZ 0.000 Stk.joint 0.959 Cubic.LR 0.976 GiViTI 0.942 PRG.Stk 1.000 PRG.EDGE.G10 1.000 PRG2.Stk 0.959 PRG2.EDGE.G10 0.080 | dropped 174.8  0.6 min 
2026-10-01 04:42:32  TWA_logit_C1b_k25_n5000            EDGE.default 0.777 EDGE.G10 0.236 HL.G10 0.120 TWIN.score 1.000 EDGE.Gn 0.000 SPZ 0.000 Stk.joint 1.000 Cubic.LR 1.000 GiViTI 1.000 PRG.Stk 1.000 PRG.EDGE.G10 1.000 PRG2.Stk 1.000 PRG2.EDGE.G10 0.236 | dropped 158.8  0.6 min 
2026-10-01 04:43:08  TWA_probit_clean_k00_n5000         EDGE.default 0.249 EDGE.G10 0.224 HL.G10 0.122 TWIN.score 0.216 EDGE.Gn 0.000 SPZ 0.000 Stk.joint 0.249 Cubic.LR 0.284 GiViTI 0.106 PRG.Stk 1.000 PRG.EDGE.G10 1.000 PRG2.Stk 0.249 PRG2.EDGE.G10 0.224 | dropped 273.6  0.6 min 
2026-10-01 04:43:40  TWA_tail0.8_clean_k00_n5000        EDGE.default 0.622 EDGE.G10 0.293 HL.G10 0.253 TWIN.score 0.889 EDGE.Gn 0.000 SPZ 0.000 Stk.joint 0.599 Cubic.LR 0.708 GiViTI 0.541 PRG.Stk 1.000 PRG.EDGE.G10 1.000 PRG2.Stk 0.599 PRG2.EDGE.G10 0.293 | dropped 176.5  0.5 min 
2026-10-01 04:43:59  TWB_logit_clean_k00_n2000          EDGE.default 0.045 EDGE.G10 0.065 HL.G10 0.050 TWIN.score 0.057 EDGE.Gn 0.000 SPZ 0.000 Stk.joint 0.043 Cubic.LR 0.046 GiViTI 0.042 PRG.Stk 1.000 PRG.EDGE.G10 1.000 PRG2.Stk 0.043 PRG2.EDGE.G10 0.065 | dropped 76.8  0.3 min 
2026-10-01 04:44:20  TWB_cloglog_clean_k00_n2000        EDGE.default 0.529 EDGE.G10 0.428 HL.G10 0.236 TWIN.score 0.451 EDGE.Gn 0.000 SPZ 0.000 Stk.joint 0.525 Cubic.LR 0.591 GiViTI 0.584 PRG.Stk 1.000 PRG.EDGE.G10 1.000 PRG2.Stk 0.525 PRG2.EDGE.G10 0.428 | dropped 76.1  0.4 min 
2026-10-01 04:44:40  TWB_inter_clean_k00_n2000          EDGE.default 0.441 EDGE.G10 0.316 HL.G10 0.159 TWIN.score 0.391 EDGE.Gn 0.000 SPZ 0.000 Stk.joint 0.472 Cubic.LR 0.459 GiViTI 0.551 PRG.Stk 1.000 PRG.EDGE.G10 1.000 PRG2.Stk 0.472 PRG2.EDGE.G10 0.316 | dropped 60.5  0.3 min 
2026-10-01 04:44:59  TWB_logit_C1_k10_n2000             EDGE.default 0.057 EDGE.G10 0.050 HL.G10 0.040 TWIN.score 0.114 EDGE.Gn 0.000 SPZ 0.000 Stk.joint 0.138 Cubic.LR 0.114 GiViTI 0.081 PRG.Stk 1.000 PRG.EDGE.G10 1.000 PRG2.Stk 0.138 PRG2.EDGE.G10 0.050 | dropped 76.4  0.3 min 
2026-10-01 04:45:18  TWB_logit_C1b_k10_n2000            EDGE.default 0.091 EDGE.G10 0.048 HL.G10 0.058 TWIN.score 0.292 EDGE.Gn 0.000 SPZ 0.000 Stk.joint 0.315 Cubic.LR 0.306 GiViTI 0.204 PRG.Stk 1.000 PRG.EDGE.G10 1.000 PRG2.Stk 0.315 PRG2.EDGE.G10 0.048 | dropped 75.4  0.3 min 
2026-10-01 04:45:37  TWB_logit_C1_k25_n2000             EDGE.default 0.102 EDGE.G10 0.055 HL.G10 0.054 TWIN.score 0.218 EDGE.Gn 0.000 SPZ 0.000 Stk.joint 0.275 Cubic.LR 0.217 GiViTI 0.134 PRG.Stk 1.000 PRG.EDGE.G10 1.000 PRG2.Stk 0.275 PRG2.EDGE.G10 0.055 | dropped 75.6  0.3 min 
2026-10-01 04:45:37  block TW: run finished 
